Updated on  02-20-00            Looked at on date   05-03-00 BEC
Excelent list of parts for one man and a vehicle.               
If anyone else knows any better then mark it up and send it in. 
                                                                
                                                                
                                                                
                                          -8,583. -10,729.05    
                                        -2,14 -1,341.13         
                                              3,085.31  4,226.87
                                              1,062.67          
                                                  0.00      0.00
                                              1,062.67          
                                                                
                                                                
                                                                
                                                                


NOTES                                                           
Note: Keep your power tools locked up or at a                   
 out of sight.  You have been warned. The crooks look in to the 
 cars to see what is available.                                 
.                                                               
Kevin's guess was accurate with in 4 percent.                   
                                                                
                                                                
                                                                
                                                                
                                                                
                                                                
                                                                
                                                                
                                                                
                                                                


Pipe                       2,015.00 +1/3  -10,808.75 hrs  -83,88
                Wholesale                                       
                ( 1 1 6 50 10                                   
A stick       0 EMT   3/4                                 2.80  
A bundle    100 EMT   1/2                                10.00  
              6 MC    12/3                                      
              3 L-B   1/2                                       
Short LB      1 S-LB                                            
              1 SS-90 1/2                           -83,897.24  
                                                                
                                                                
                                                                
                                                                
                                                                
                                                                
                                                                


Romex, MC                    
                Wholesale                      
                ( 6 125 125 125 83             
1 roll      250 Rx    14/3                     
1 roll      250 Rx    14/2                     
1 roll      250 Rx    12/3                     
1 roll      250 Rx    12/2                     
              6 MC    12/3                     
                                               
                                               
                                               
                                               
                                               
                                               
                                               
                                               


THHN                         
                Wholesale                      
                ( 20 500 500                   
1/2+ Roll   300 THHN #12  ( White )            
1/2+ Roll   300 THHN #12  ( Black )            
1/2+ Roll   300 THHN #12  ( Red )              
1/2+        300 THHN #14  ( White )            
1/2+        300 THHN #14  ( Black )            
1/2+        300 THHN #14  ( Red )              
Zip cord     20 Wire  18/2  ( Gold zip )       
             20 Loom                           
                                               
                                               
                                               
                                               
                                               


Boxes                        
                Wholesale                      
                ( 3 3 3 6 5 6 4 4 2            
Vert bracket    3 5S VB  ( Tabs are cut off )  
5S = 4-11/16    4 5S Box                       
                4 4S VB                        
               10 4S Box                       
               12 4S Deep                      
                6 4S-Deep                      
Octaganal       3 3-Oct LCE  ( Loom clamp ears 
                3 4-Oct LCE                    
PVC = Plastic   ( ) PVC-Adjustable 1-gang      
                ( ) PVC-Adjustable 2-gang      
                ( ) PVC-Adjustable 3-gang      
                                               
                                               


Boxes continued              
                Wholesale                      
BL = Blank     12 4S BL                        
                6 5S BL                        
                6 4-oct BL                     
                6 3-oct BL                     
Switch box      3 SW-box 3-1/2                 
                3 SW-box 2-1/2                 
                3 SW-box Cut-in                
                4 bar-hangers                  
Do you carry metal switch boxes any longer?    
                                               
                                               
                                               
                                               
                                               


Ext Boxes                    
                Wholesale                      
                ( 2 1 1 2 4 2 2                
              2 3-oct ext                      
              2 4-oct ext                      
              4 4S ext                         
              1 5S ext  ( Deep )               
              0 5S ext  ( Shallow )            
              1 4S ext-2x4                     
              0 Handy ext                      
              0 Sw-Box Ext                     
              0 Goof ring                      
                                               
                                               
                                               
                                               


Plaster                      
Plaster kit                                    
Instant patch   1 gallon                       
Instant patch   1 Quart                        
Instant patch   1 Very small container in tool 
Quick fix       None?                          
Wire mesh       None?                          
Sand paper      Some?                          
Wood         20 Plywood 3x8 size 3/8 thick     
Trowell                                        
WD-40                                          
                30 dollars parts               
                                               
                                               
                                               
                                               


Raised Covers                
2 ea of every   ( 2 2 2 2 2 2 2 2 2 2 2        
              2 4S-IND GFI                     
              2 4S-IND SW                      
              2 4S-IND PR                      
              2 4S-IND SW-SW                   
              2 4S-IND PR-PR                   
              2 4S-IND D&D                     
              2 4S-IND GFI-GFI                 
              2 4S-IND GFI-SW                  
              2 4S-IND 1-3/8                   
              2 4S-IND 1-9/16                  
              2 4S-IND 1-3/4                   
              2 4S-IND 2-1/8                   
              2 4S-IND Blank                   
                                               


Rings                        
2 each of every                                
size mud ring,                                 
including 4-oct                                
to 3-oct                                       
up to 3/4 thick ( See below )                  
                                               
                                               
                                               
                                               
                                               
                                               
                                               
                                               
                                               
                                               


Rings One-gang               
                Wholesale  ( Price each )      
                ( 2 2 2 2 2 2 2 2              
              2 4s-1g Flat                     
              2 4s-1g 1/2                      
              2 4s-1g 5/8                      
              2 4s-1g 3/4                      
              0 4s-1g 1-in                     
              0 4s-1g 1-1/4                    
              0 4s-1g 1-1/2                    
              0 4s-1g 2-in                     
                                               
                                               
                                               
                                               
                                               


Rings Two-gang               
                Wholesale                      
                ( 2 2 2 2 2 2 2                
              2 4s-2g Flat                     
              2 4s-2g 1/2                      
              2 4s-2g 5/8                      
              2 4s-2g 3/4                      
              0 4s-2g 1-in                     
              0 4s-2g 1-1/4                    
              0 4s-2g 1-1/2                    
                                               
                                               
                                               
                                               
                                               
                                               


Low volt                     
CARRY A VERY LIMITED AMOUNT OF LOW VOLT ITEMS  
0 door releases                                
Asorted buttons                                
 2-in Brass Vict                               
 Lighted & not                                 
Insert buttons                                 
 2 diamaters                                   
Rectangular                                    
Buzzer                                         
Bell                                           
Fiew transformer                               
Chime kit                                      
Phonen wire                                    
  Budget        25 dollars parts               
                                               


Tackel Box SS-fittings       
                Wholesale                      
                ( 8 15 2 20 10 40 20 25 50     
             25 SS-con 1/2                     
             20 SS-coup 1/2                    
Single hole  25 Strap 1/2                      
Two hole     25 Strap 1/2                      
             10 Ko-seal 1/2                    
8 pair       16 Reducing-washer 1/2x3/4        
Others     2 ea ( Reducing-washer 6 to 25 cent 
              4 Ko-seal 3/4                    
             15 RT-con 1/2                     
              8 RT-coup 1/2                    
                                               
                                               
                                               


Tackel Box Rain Tite         
                Wholesale                      
                ( 8 15                         
???          15 RT-con 1/2                     
???           8 RT-coup 1/2                    
                                               
                                               
                                               
                                               
                                               
                                               
                                               
                                               
                                               
                                               
                                               


Tote                         
                Wholesale                      
                ( 0 6 2 2 3 5                  
RT-Box        5 RT-box Cast-Cover              
2x4 box       6 RT-box 3-hub                   
4-Oct         1 RT-box round                   
4x4           0 RT-box 6-hub                   
2x4 bl cover  4 RT-Plate 2x4                   
              ? RT-Plate 4x4                   
Shower heads  2 RT lampholder                  
              1 RT Ext box                     
                                               
                                               
                                               
                                               
                                               


Breakers & Fuses             
                Wholesale                      
                ( 1 1 1 1 1 1 5 5 2 3          
              ? C-B 15A                        
              ? C-B 20A                        
              6 C-B 15A-15A                    
              8 C-B 20A-20A                    
              2 C-B 15A-20A                    
              3 FPE 20A                        
              3 FPE 15A                        
              0 Square-D 20A                   
              0 Square-D 15A                   
              3 Square-D 20-20                 
              3 Square-D 15-15                 
                                               
                                               


Fuses                        
                ( 1 2 2 3 4 2 4 5 5 5          
15A           4 Fuse plug                      
20A           4 Fuse plug                      
30A           5 Fuse plug                      
Bases         4 Fuse Adapter                   
Non Tamps 20A 4 Fuse Non-tamp                  
Non Tamps 15A 4 Fuse Non-tamp                  
Non tamp base 4 Fuse 20A-base                  
Non tamp base 4 Fuse 15A-base                  
Cartridge     ? Fuse 30A                       
Cartridge     ? Fuse 60A                       
Push Button    15A PB fuse                     
               20A PB fuse                     
               30A PB fuse                     
                                               


Bulbs, fixtures              
                Wholesale                      
                ( 2 2 2 1 4 2 1                
Bulbs         0 Lamp 40W                       
Bulbs         4 Lamp 75W                       
Bulbs         4 Lamp 100W                      
Bulbs         1 ( Lamp 300W                    
Bulbs         2 Lamp 75W-PAR                   
              2 Fixture porclean               
              2 Fixture pull-chain             
              6 Fixture Temp-light             
                                               
                                               
                                               
                                               
                                               


Dimmers                      
                Wholesale                      
Dimmers only                                   
if left over                                   
Maybe some      Dimmer AY-600                  
                Dimmer DV-600                  
                                               
                                               
                                               
                                               
                                               
                                               
                                               
                                               
                                               
                                               


Tools 1/2                    
Fish-wire  18-in                               
3-ft  6-ft 12-ft                               
Pull wire  50-ft                               
Chain and string                               
Umbrella                                       
 Catch dust)                                   
1/2 bender                                     
Hack saw                                       
Diversa bits                                   
Carrot drills                                  
CB finder                                      
Greenly 440 6708                               
Phone Toner                                    
Stud Finder                                    
                                               


Tools 2/2                    
Mikita                                         
90-drill                                       
3/8 110V drill                                 
Tool box inc                                   
 romex con                                     
6-ft ladder                                    
Tarps canvass                                  
and PVC                                        
Saw-Z-all                                      
Piolet or bell                                 
hanger bits                                    
18" 24" 36"                                    
Spade drill bits                               
Ext cords  50-ft                               
and 15-ft                                      


Devices White                
                Wholesale                      
                  4 1 0 0 1 1 7 9 9 4 9        
              4 Device S3-277V                 
             10 Device SW                      
              6 Device S3                      
4 way         1 Device S4                      
Plug         10 Device PR                      
Plug plate    9 Plate PR                       
              7 Plate SW                       
              1 Plate SW-SW                    
Stack switch  ? Device S3-S3                   
              ? Device S3-SW                   
              ? Device SW-SW                   
                                               
                                               


Devices Deco                                                    
                Wholesale                                       
                  4 1 0 0 1 1 7 9 9 4 9                         
              0 Deco SW                                         
              5 Deco S3                                         
Plug          5 Device PR                                       
Plug plate    9 Deco 1G                                         
4 way         1 Deco S4                                         
              4 Device GFI ( White )                            
Assorted Deco plates up to three gang.                          
                                                                
                                                                
                                                                
                                                                
                                                                
                                                                


Devices Ivory                
                Wholesale                      
                  1 4 1 0 0 1 1 2 4 4 1 2      
              1 Device SW                      
              1 Device S3                      
Plug          1 Device PR                      
Plug plate    1 Plate PR                       
              1 Plate SW                       
              1 Plate SW-SW                    
4 way         1 Device S4                      
              1 Device GFI ( Ivory )           
Only one or two of each type approx 6 total    
Very fiew Ivory cover plates prox 6            
Brown 1 SW  1 PL  2 Plates Brown               
                                               
                                               


Devices single gang          
                Wholesale                      
                  1 1                          
20A           1 Device SG                      
15A           ? Device SG                      
                                               
                                               
                                               
                                               
                                               
                                               
                                               
                                               
                                               
                                               
                                               


Other raceway parts          
                Wholesale                      
                  4 10 10 2                    
              2 OS-nip 1/2                     
         2 or 3 Flex-con 1/2                   
10 ft scrap  10 MC 12/2                        
12/2 or 12/3 10 MC 12/3                        
2 Tomic or =  4 dollars parts                  
                                               
                                               
                                               
                                               
                                               
                                               
                                               
                                               


Wiremold notes                                                  
1 Tackel box of fittings.                                       
1 Tackel box of 2x4 voxes.                                      
3 4x4 boxes of diferent depths.                                 
20 feet of wiremold 500                                         
6 round boxes diffetent depths & ext boxes.                     
                                                                
                                                                
                                                                
                                                                
                                                                
                                                                
                                                                
                                                                
                                                                
                                                                


Wiremold Tackle box and      
8 2x4 shallow?                                 
Deep?           W-M 5745                       
                W-M ext                        
4x4             W-M 5747-2                     
Scrap raceway   W-M 500                        
1 Male box-con  W-M Male-Con ( 5782            
1 Fem-box-con   W-M Fem-Con ( 5781             
1 Fur  ? what?  W-M 500                        
1 5711RH        W-M Twisted-90                 
1 5711LH        W-M Twisted-90                 
1 Flat-90       W-M Flat-90 ( 511 )            
1 Internal      W-M Int-90  ( 517 )            
1 External      W-M Ext-90  ( 518 )            
2 Round ext med W-M Med-fixt ( 5737A )         
                                               


Screws                       
Drywall                                        
Round head mach                                
Flat head mach                                 
Self drilling                                  
 Budget         20 dollars parts               
                                               
                                               
                                               
                                               
                                               
                                               
                                               
                                               
                                               
                                               


Victorian's                  
Reducers                                       
Cap hangers                                    
Double loops                                   
                25 Dollars parts               
Small plastic box of parts                     
                                               
                                               
                                               
                                               
                                               
                                               
                                               
                                               
                                               
                                               


Other 1/2                                                       
                Wire pulling lube                               
Rain tite       2 DEEP Covers                                   
                5 - 6 ft fiberglass rods   5-ft?                
                Dish - disp cords                               
                Radio                                           
                Romex stapler and staples                       
Phone beans     Phone wire crimps                               
                phone jacks  square-stickys + wall hangers <-?  
                Phone wire and staples                          
                Ground wire #6 bare for Bonding                 
                Assorted ground clamps                          
                1 Brass canopie  Victorian                      
                WD-40                                           
                                                                
                                                                


Other 2/2                                                       
                2 Long 16" dril bid ext for 90-drill            
                Extra flashlight batteries                      
                2 drop lights 1 300W and 1 bare bulb clamp lamp 
                Safety goggles                                  
                Gloves - safety                                 
                Quick release Makita Chuck                      
                Drill bits for above  NICE!                     
                Crimper built in to Kline linesman pliers       
                6-ft Fiberglass ladder                          
                                                                
                                                                
                                                                
                                                                
                                                                
                                                                


TOTAL                      3,
                                               
                                               
                                               
                                               
                                               
                                               
                                               
                                               
                                               
                                               
                                               
                                               
                                               
                                               
                                               


