Tool list                          11dec87jap       10-29-95 AEC
                                                                
                                                                
Next                                                            
                                                                
                                                                
                                                                
                                                                
                                                                
                                                                
                                                                
                                                                
                                                                
                                                                
                                                                
                                                                


\ LOADER                                                     AL
2 EOF THRU                                                      
Title --Tool-list-->                                            
\v                                                              
                                                                
                                                                
2 6 print docs  ( PRINT THE LIST OF TOOLS )                     
                                                                
2 6 proof docs                                                  
                                                                
                                                                
                                                                
It is a single page                                             
                                                                
                                                                
                                                                


Rem INSTRUCTIONS                                                
Place a check mark next to the tools you own.                   
Place two check marks on the tools you carry with you.          
Underline tools you need to or want to buy.                     
Equal or better substutions are encouraged                      
                                                                
                                                                
                                                                
                                                                
                                                                
                                                                
                                                                
                                                                
                                                                
                                                                
                                                                


Rem TOOL-LIST                                                   
Tool box  or equal, with lock                                   
Pliers    7 inch common type recommended                        
Pliers    Needle nose, small  5-1/2 inch or so                  
Dikes     Diagonal cutters  Angled  Klein  D-248-8              
Tape      3/4 by 12 feet, good quality                          
Stripper  Any kind you can use without nicking the wire         
Belt      With double hammer loops (Hammer and channel locks)   
Pouch     Electricians, with tape hanger.  Not carpenters type  
Pouches   With snap  1 for plastic, 1 for metal small parts     
Tester    Greenley 6708 or DVC6 AC & continuinity tester        
Driver    Screw holding 3/16 blade  Stanley 100 plus            
Drivers   Hex set.  5/16  1/4  Vaco S-8  S-10                   
Speed     Speed driver 3/16 blade  Twirl type off-set shank     
                                                                
                                                                


Rem SMALL-TOOLS                                                 
Hammer    Straight claw (ripping hammer) 12 oz  Not curved      
Punch     Awl type or special one from us. Ask John.            
Pen       Rolling point                                         
Pen       Felt tip pen, (laundry marker)                        
Pencil    9mm or stronger                                       
Pliers    Small channel-locks 9 inch, not slip-locks            
Pliers    Large channel locks                                   
Pliers    Very large channel locks for 1-1/4 pipe               
Holder    For pencil, attached to pouch  (Old curtain rod)      
Notes     Pocket size note book                                 
Light     Penlight or mitey light                               
Knife     Utility, with spare blades                            
                                                                
                                                                
                                                                


Rem TOOL-BOX                                                    
Hacksaw   with spare blades  24 teeth                           
Level     8 inch magnetic (Parallel is better than level)       
Allen     Small allen hex set, large set for lugs               
Chalk     Line and reel                                         
Pliers    Large channel locks                                   
Money     For parking meters and lunch                          
Tap       Tap sizes 6-32  8-32  10-24 etc.                      
Finder    Stud finder, electronic and magnetic                  
Drill     Carrot bit  (Step bit)                                
Drills    Full set of H.S drill bits                            
                                                                
                                                                
                                                                
                                                                
                                                                


Rem POWER-TOOLS  (If you have them)                             
Scru gun  Battery powered, variable speed with brake.           
Keys: Shop door and round key for lock box                      
Code book (Any year is OK)                                      
Vehicle to carry tools                                          
90 degree drill motor                                           
6-ft ladder                                                     
Saw-z-all                                                       
                                                                
                                                                
                                                                
                                                                
                                                                
                                                                
                                                                
                                                                


